   Compiling serde v1.0.229
    Checking subtle v2.6.1
    Checking zeroize v1.9.0
    Checking hybrid-array v0.4.14
    Checking signature v3.0.0
   Compiling syn v2.0.119
    Checking chacha20 v0.10.2
    Checking bs58 v0.5.1
    Checking ed25519 v3.0.0
    Checking rand v0.10.2
    Checking block-buffer v0.12.1
    Checking crypto-common v0.2.2
    Checking serde_jcs v0.2.0
    Checking tracing-serde v0.2.0
    Checking digest v0.11.3
    Checking sha2 v0.11.0
    Checking sha3 v0.12.0
   Compiling curve25519-dalek-derive v0.1.1
   Compiling tracing-attributes v0.1.31
    Checking curve25519-dalek v5.0.0
    Checking tracing v0.1.44
    Checking tracing-subscriber v0.3.23
    Checking ed25519-dalek v3.0.0
    Checking bloom-rpc-wire v0.1.3 (https://github.com/bloom-directory/bloom-service-runtime.git?rev=ad0072512bb97fb4eb68d249ce785ea3ea4a49ab#ad007251)
    Checking bloom-broker-api v0.1.0 (/home/user/code/bloom/worktrees/card-spike-1008/bloom-broker/card-checkout-feasibility/crates/bloom-broker-api)
    Checking bloom-audit-checkpoint v0.1.3 (https://github.com/bloom-directory/bloom-service-runtime.git?rev=ad0072512bb97fb4eb68d249ce785ea3ea4a49ab#ad007251)
    Checking bloom-triad-local-transport v0.1.3 (https://github.com/bloom-directory/bloom-service-runtime.git?rev=ad0072512bb97fb4eb68d249ce785ea3ea4a49ab#ad007251)
    Checking bloom-signer-api v0.1.0 (https://github.com/bloom-directory/bloom-signer.git?rev=bfa213789dd3422ba25a5377369a3ef5b5d3c0f6#bfa21378)
    Checking bloom-platform-containment v0.1.3 (https://github.com/bloom-directory/bloom-service-runtime.git?rev=ad0072512bb97fb4eb68d249ce785ea3ea4a49ab#ad007251)
    Checking bloom-service-activation v0.1.3 (https://github.com/bloom-directory/bloom-service-runtime.git?rev=ad0072512bb97fb4eb68d249ce785ea3ea4a49ab#ad007251)
    Checking bloom-service-observability v0.1.3 (https://github.com/bloom-directory/bloom-service-runtime.git?rev=ad0072512bb97fb4eb68d249ce785ea3ea4a49ab#ad007251)
    Checking bloom-solana-verify v0.1.0 (/home/user/code/bloom/worktrees/card-spike-1008/bloom-broker/card-checkout-feasibility/crates/bloom-solana-verify)
    Checking bloom-broker v0.1.0 (/home/user/code/bloom/worktrees/card-spike-1008/bloom-broker/card-checkout-feasibility/crates/bloom-broker)
error[E0063]: missing field `surface` in initializer of `CeremonyPrepareRequest`
   --> crates/bloom-broker/src/service.rs:752:32
    |
752 |         let ceremony_request = bloom_signer_api::CeremonyPrepareRequest {
    |                                ^^^^^^^^^^^^^^^^^^^^^^^^^^^^^^^^^^^^^^^^ missing `surface`

error[E0063]: missing field `surface` in initializer of `bloom_signer_api::CustodyPrepareRequest`
   --> crates/bloom-broker/src/service.rs:907:26
    |
907 |                 custody: bloom_signer_api::CustodyPrepareRequest {
    |                          ^^^^^^^^^^^^^^^^^^^^^^^^^^^^^^^^^^^^^^^ missing `surface`

error[E0063]: missing field `surface` in initializer of `bloom_signer_api::CustodyPrepareRequest`
  --> crates/bloom-broker/src/translation/custody.rs:46:5
   |
46 |     south::CustodyPrepareRequest {
   |     ^^^^^^^^^^^^^^^^^^^^^^^^^^^^ missing `surface`

error[E0308]: mismatched types
   --> crates/bloom-broker/src/translation/custody.rs:121:24
    |
121 |                 rp_id: credential.rp_id,
    |                        ^^^^^^^^^^^^^^^^ expected `Token`, found `RpId`

error[E0004]: non-exhaustive patterns: `bloom_signer_api::CeremonyKind::CardAdd`, `bloom_signer_api::CeremonyKind::CardDelete` and `bloom_signer_api::CeremonyKind::CardCheckout` not covered
    --> crates/bloom-broker/src/ceremony.rs:3056:11
     |
3056 |     match kind {
     |           ^^^^ patterns `bloom_signer_api::CeremonyKind::CardAdd`, `bloom_signer_api::CeremonyKind::CardDelete` and `bloom_signer_api::CeremonyKind::CardCheckout` not covered
     |
note: `bloom_signer_api::CeremonyKind` defined here
    --> /home/user/.cargo/git/checkouts/bloom-signer-df98bf0e23cbe106/bfa2137/crates/bloom-signer-api/src/ceremony.rs:11:1
     |
  11 | pub enum CeremonyKind {
     | ^^^^^^^^^^^^^^^^^^^^^
...
  26 |     CardAdd,
     |     ------- not covered
  27 |     CardDelete,
     |     ---------- not covered
  28 |     CardCheckout,
     |     ------------ not covered
     = note: the matched value is of type `bloom_signer_api::CeremonyKind`
help: ensure that all possible cases are being handled by adding a match arm with a wildcard pattern, a match arm with multiple or-patterns as shown, or multiple match arms
     |
3070 ~         CeremonyKind::AccountRetire => "account_retire",
3071 ~         bloom_signer_api::CeremonyKind::CardAdd | bloom_signer_api::CeremonyKind::CardDelete | bloom_signer_api::CeremonyKind::CardCheckout => todo!(),
     |

error[E0004]: non-exhaustive patterns: `bloom_signer_api::CeremonyState::AlreadyRegistered` not covered
    --> crates/bloom-broker/src/ceremony.rs:3075:11
     |
3075 |     match state {
     |           ^^^^^ pattern `bloom_signer_api::CeremonyState::AlreadyRegistered` not covered
     |
note: `bloom_signer_api::CeremonyState` defined here
    --> /home/user/.cargo/git/checkouts/bloom-signer-df98bf0e23cbe106/bfa2137/crates/bloom-signer-api/src/service.rs:265:1
     |
 265 | pub enum CeremonyState {
     | ^^^^^^^^^^^^^^^^^^^^^^
...
 296 |     AlreadyRegistered,
     |     ----------------- not covered
     = note: the matched value is of type `bloom_signer_api::CeremonyState`
help: ensure that all possible cases are being handled by adding a match arm with a wildcard pattern or an explicit pattern as shown
     |
3088 ~         CeremonyState::Failed => "failed",
3089 ~         bloom_signer_api::CeremonyState::AlreadyRegistered => todo!(),
     |

error[E0004]: non-exhaustive patterns: `bloom_signer_api::CeremonyKind::CardAdd`, `bloom_signer_api::CeremonyKind::CardDelete` and `bloom_signer_api::CeremonyKind::CardCheckout` not covered
    --> crates/bloom-broker/src/ceremony.rs:3616:11
     |
3616 |     match kind {
     |           ^^^^ patterns `bloom_signer_api::CeremonyKind::CardAdd`, `bloom_signer_api::CeremonyKind::CardDelete` and `bloom_signer_api::CeremonyKind::CardCheckout` not covered
     |
note: `bloom_signer_api::CeremonyKind` defined here
    --> /home/user/.cargo/git/checkouts/bloom-signer-df98bf0e23cbe106/bfa2137/crates/bloom-signer-api/src/ceremony.rs:11:1
     |
  11 | pub enum CeremonyKind {
     | ^^^^^^^^^^^^^^^^^^^^^
...
  26 |     CardAdd,
     |     ------- not covered
  27 |     CardDelete,
     |     ---------- not covered
  28 |     CardCheckout,
     |     ------------ not covered
     = note: the matched value is of type `bloom_signer_api::CeremonyKind`
help: ensure that all possible cases are being handled by adding a match arm with a wildcard pattern, a match arm with multiple or-patterns as shown, or multiple match arms
     |
3685 ~         ),
3686 ~         bloom_signer_api::CeremonyKind::CardAdd | bloom_signer_api::CeremonyKind::CardDelete | bloom_signer_api::CeremonyKind::CardCheckout => todo!(),
     |

error[E0004]: non-exhaustive patterns: `bloom_signer_api::CeremonyKind::CardAdd`, `bloom_signer_api::CeremonyKind::CardDelete` and `bloom_signer_api::CeremonyKind::CardCheckout` not covered
   --> crates/bloom-broker/src/signer_client.rs:424:28
    |
424 |         let method = match request.ceremony_kind {
    |                            ^^^^^^^^^^^^^^^^^^^^^ patterns `bloom_signer_api::CeremonyKind::CardAdd`, `bloom_signer_api::CeremonyKind::CardDelete` and `bloom_signer_api::CeremonyKind::CardCheckout` not covered
    |
note: `bloom_signer_api::CeremonyKind` defined here
   --> /home/user/.cargo/git/checkouts/bloom-signer-df98bf0e23cbe106/bfa2137/crates/bloom-signer-api/src/ceremony.rs:11:1
    |
 11 | pub enum CeremonyKind {
    | ^^^^^^^^^^^^^^^^^^^^^
...
 26 |     CardAdd,
    |     ------- not covered
 27 |     CardDelete,
    |     ---------- not covered
 28 |     CardCheckout,
    |     ------------ not covered
    = note: the matched value is of type `bloom_signer_api::CeremonyKind`
help: ensure that all possible cases are being handled by adding a match arm with a wildcard pattern, a match arm with multiple or-patterns as shown, or multiple match arms
    |
447 ~             },
448 +             bloom_signer_api::CeremonyKind::CardAdd | bloom_signer_api::CeremonyKind::CardDelete | bloom_signer_api::CeremonyKind::CardCheckout => todo!()
    |

error[E0004]: non-exhaustive patterns: `bloom_signer_api::CeremonyKind::CardAdd`, `bloom_signer_api::CeremonyKind::CardDelete` and `bloom_signer_api::CeremonyKind::CardCheckout` not covered
  --> crates/bloom-broker/src/translation/ceremony.rs:26:11
   |
26 |     match value {
   |           ^^^^^ patterns `bloom_signer_api::CeremonyKind::CardAdd`, `bloom_signer_api::CeremonyKind::CardDelete` and `bloom_signer_api::CeremonyKind::CardCheckout` not covered
   |
note: `bloom_signer_api::CeremonyKind` defined here
  --> /home/user/.cargo/git/checkouts/bloom-signer-df98bf0e23cbe106/bfa2137/crates/bloom-signer-api/src/ceremony.rs:11:1
   |
11 | pub enum CeremonyKind {
   | ^^^^^^^^^^^^^^^^^^^^^
...
26 |     CardAdd,
   |     ------- not covered
27 |     CardDelete,
   |     ---------- not covered
28 |     CardCheckout,
   |     ------------ not covered
   = note: the matched value is of type `bloom_signer_api::CeremonyKind`
help: ensure that all possible cases are being handled by adding a match arm with a wildcard pattern, a match arm with multiple or-patterns as shown, or multiple match arms
   |
40 ~         south::CeremonyKind::PolicyUpdate => north::CeremonyKind::PolicyUpdate,
41 ~         bloom_signer_api::CeremonyKind::CardAdd | bloom_signer_api::CeremonyKind::CardDelete | bloom_signer_api::CeremonyKind::CardCheckout => todo!(),
   |

error[E0004]: non-exhaustive patterns: `bloom_signer_api::CeremonyState::AlreadyRegistered` not covered
   --> crates/bloom-broker/src/translation/ceremony.rs:45:11
    |
 45 |     match value {
    |           ^^^^^ pattern `bloom_signer_api::CeremonyState::AlreadyRegistered` not covered
    |
note: `bloom_signer_api::CeremonyState` defined here
   --> /home/user/.cargo/git/checkouts/bloom-signer-df98bf0e23cbe106/bfa2137/crates/bloom-signer-api/src/service.rs:265:1
    |
265 | pub enum CeremonyState {
    | ^^^^^^^^^^^^^^^^^^^^^^
...
296 |     AlreadyRegistered,
    |     ----------------- not covered
    = note: the matched value is of type `bloom_signer_api::CeremonyState`
help: ensure that all possible cases are being handled by adding a match arm with a wildcard pattern or an explicit pattern as shown
    |
 58 ~         south::CeremonyState::Failed => north::CeremonyState::Failed,
 59 ~         bloom_signer_api::CeremonyState::AlreadyRegistered => todo!(),
    |

Some errors have detailed explanations: E0004, E0063, E0308.
For more information about an error, try `rustc --explain E0004`.
error: could not compile `bloom-broker` (lib) due to 10 previous errors
