    Checking const-oid v0.9.6
    Checking equivalent v1.0.2
    Checking futures-core v0.3.34
    Checking futures-sink v0.3.34
    Checking smallvec v1.15.2
    Checking slab v0.4.12
   Compiling libc v0.2.189
    Checking http v1.5.0
    Checking num-traits v0.2.19
    Checking form_urlencoded v1.2.2
    Checking base64ct v1.8.3
    Checking indexmap v2.14.0
    Checking zeroize v1.9.0
    Checking regex-automata v0.4.18
    Checking fnv v1.0.7
    Checking hex-conservative v0.2.2
    Checking futures-channel v0.3.34
    Checking httparse v1.10.1
    Checking bitcoin-io v0.1.101
    Checking tokio-util v0.7.19
    Checking powerfmt v0.2.0
    Checking either v1.17.0
    Checking outref v0.5.2
    Checking time-core v0.1.7
    Checking num-conv v0.1.0
    Checking vsimd v0.8.0
    Checking pin-utils v0.1.0
    Checking idna v1.0.3
    Checking parking_lot_core v0.9.12
    Checking http v0.2.12
    Checking ryu v1.0.23
    Checking iana-time-zone v0.1.65
    Checking try-lock v0.2.5
    Checking generic-array v0.14.7
    Checking hybrid-array v0.4.14
    Checking futures-util v0.3.34
    Checking rustls-pki-types v1.15.1
    Checking deranged v0.5.8
    Checking bloom-signer-process-hardening v0.1.0 (/home/user/code/bloom/worktrees/card-spike-1008/bloom-signer/card-checkout-feasibility/crates/bloom-signer-process-hardening)
    Checking der v0.7.10
    Checking pem-rfc7468 v1.0.0
    Checking bytes-utils v0.1.4
    Checking bitcoin_hashes v0.14.101
    Checking want v0.3.1
    Checking tower-service v0.3.3
    Checking atomic-waker v1.1.2
    Checking xmlparser v0.13.6
    Checking parking_lot v0.12.5
    Checking minimal-lexical v0.2.1
    Checking ff v0.13.1
    Checking url v2.5.4
    Checking data-encoding v2.11.1
   Compiling strsim v0.11.1
    Checking der v0.8.2
    Checking ipnet v2.12.1
    Checking openssl-probe v0.2.1
    Checking diff v0.1.13
    Checking webpki-roots v1.0.9
    Checking nom v7.1.3
    Checking base16ct v0.2.0
    Checking separator v0.4.1
    Checking yansi v1.0.1
   Compiling darling_core v0.21.3
    Checking rustls-native-certs v0.8.4
    Checking base64-simd v0.8.0
    Checking roxmltree v0.14.1
    Checking group v0.13.0
    Checking socket2 v0.5.10
    Checking tower-layer v0.3.3
    Checking httpdate v1.0.3
    Checking serde_json v1.0.151
    Checking num-integer v0.1.46
    Checking http-body v1.1.0
    Checking ureq-proto v0.6.4
    Checking crypto-common v0.2.2
    Checking crypto-common v0.1.7
    Checking block-buffer v0.10.4
    Checking block-buffer v0.12.1
    Checking crypto-bigint v0.7.5
    Checking inout v0.2.2
    Checking http-body v0.4.6
    Checking http-body-util v0.1.4
    Checking chrono v0.4.45
    Checking h2 v0.4.16
    Checking inout v0.1.4
    Checking num-bigint v0.4.8
    Checking crypto-bigint v0.5.5
    Checking pretty_assertions v1.4.1
    Checking regex-lite v0.1.9
    Checking digest v0.10.7
    Checking tower v0.5.3
    Checking byteorder v1.5.0
    Checking cipher v0.4.4
    Checking base64 v0.21.7
    Checking keccak v0.1.6
    Checking thiserror v1.0.69
    Checking universal-hash v0.5.1
    Checking sha2 v0.10.9
   Compiling jobserver v0.1.35
    Checking signature v2.2.0
    Checking curve25519-dalek v4.1.3
    Checking hmac v0.12.1
    Checking spki v0.7.3
    Checking sec1 v0.7.3
    Checking ripemd v0.1.3
    Checking ed25519 v2.2.3
    Checking sha3 v0.10.9
    Checking bip39 v2.2.2
    Checking digest v0.11.3
    Checking cipher v0.5.2
    Checking universal-hash v0.6.1
    Checking aead v0.6.1
   Compiling cc v1.4.1
    Checking bs58 v0.5.1
    Checking pkcs8 v0.10.2
    Checking poly1305 v0.9.1
    Checking rfc6979 v0.4.0
    Checking spki v0.8.0
    Checking sec1 v0.8.1
    Checking time v0.3.45
    Checking signature v3.0.0
    Checking sha2 v0.11.0
    Checking curve25519-dalek v5.0.0
    Checking hmac v0.13.0
    Checking chacha20 v0.10.2
    Checking sha3 v0.12.0
    Checking ripemd v0.2.0
    Checking ed25519 v3.0.0
    Checking pkcs8 v0.11.0
    Checking hash32 v0.3.1
    Checking const-hex v1.19.1
    Checking hkdf v0.13.0
    Checking opaque-debug v0.3.1
    Checking serde_jcs v0.2.0
    Checking assert-json-diff v2.0.2
    Checking stable_deref_trait v1.2.1
    Checking embedded-io v0.6.1
    Checking bech32 v0.9.1
    Checking tap v1.0.1
    Checking heapless v0.8.0
    Checking rand v0.10.2
    Checking chacha20poly1305 v0.11.0
    Checking polyval v0.6.2
    Checking embedded-io-async v0.6.1
    Checking pbkdf2 v0.12.2
    Checking wyz v0.5.1
    Checking radium v0.7.0
    Checking libm v0.2.16
    Checking allocator-api2 v0.2.21
    Checking foldhash v0.1.5
    Checking critical-section v1.2.0
    Checking funty v2.0.0
    Checking ghash v0.5.1
    Checking num-rational v0.4.2
    Checking thiserror-no-std v2.0.2
    Checking hex_lit v0.1.1
    Checking elliptic-curve v0.13.8
    Checking rust_decimal v1.42.1
    Checking base58ck v0.1.101
    Checking matchers v0.2.0
    Checking ed25519-dalek v2.2.0
    Checking regex v1.13.1
    Checking aes v0.8.4
    Checking salsa20 v0.10.2
    Checking ctr v0.9.2
    Checking tracing-subscriber v0.3.23
    Checking aead v0.5.2
    Checking coins-core v0.11.1
    Checking password-hash v0.5.0
    Checking hashbrown v0.15.5
   Compiling cmake v0.1.58
    Checking cbor-diag v0.1.12
    Checking x25519-dalek v3.0.0
    Checking ed25519-dalek v3.0.0
    Checking rand_hc v0.3.2
    Checking bitvec v1.1.1
    Checking bitcoin-units v0.1.101
    Checking bloom-relay-protocol v0.1.0 (https://github.com/bloom-directory/bloom-relay.git?rev=8464a60bad159d1336e3c2df303d4a5f7114eec2#8464a60b)
    Checking ecdsa v0.16.9
    Checking hpke v0.14.1
    Checking strum v0.26.3
    Checking embassy-futures v0.1.2
    Checking urlencoding v2.1.3
    Checking bech32 v0.11.1
    Checking bloom-rpc-wire v0.1.3 (https://github.com/bloom-directory/bloom-service-runtime.git?rev=ad0072512bb97fb4eb68d249ce785ea3ea4a49ab#ad007251)
    Checking scrypt v0.11.0
    Checking signal-hook v0.4.4
    Checking aes-gcm v0.10.3
    Checking ows-core v1.4.2
    Checking hkdf v0.12.4
    Checking blake2 v0.10.6
    Checking aws-smithy-xml v0.60.12
    Checking bloom-signer-vectors v0.1.0 (/home/user/code/bloom/worktrees/card-spike-1008/bloom-signer/card-checkout-feasibility/crates/bloom-signer-vectors)
    Checking k256 v0.13.4
    Checking futures-executor v0.3.34
    Checking aws-smithy-async v1.2.6
    Checking h2 v0.3.27
    Checking embassy-sync v0.6.2
    Checking aws-smithy-types v1.3.4
    Checking bigdecimal v0.4.10
    Checking futures v0.3.34
   Compiling aws-lc-sys v0.45.0
   Compiling ring v0.17.14
   Compiling libsqlite3-sys v0.38.2
   Compiling blake3 v1.8.7
   Compiling secp256k1-sys v0.10.1
    Checking bloom-signer-api v0.1.0 (/home/user/code/bloom/worktrees/card-spike-1008/bloom-signer/card-checkout-feasibility/crates/bloom-signer-api)
    Checking bloom-triad-local-transport v0.1.3 (https://github.com/bloom-directory/bloom-service-runtime.git?rev=ad0072512bb97fb4eb68d249ce785ea3ea4a49ab#ad007251)
    Checking bloom-audit-checkpoint v0.1.3 (https://github.com/bloom-directory/bloom-service-runtime.git?rev=ad0072512bb97fb4eb68d249ce785ea3ea4a49ab#ad007251)
    Checking bloom-service-activation v0.1.3 (https://github.com/bloom-directory/bloom-service-runtime.git?rev=ad0072512bb97fb4eb68d249ce785ea3ea4a49ab#ad007251)
    Checking bloom-platform-containment v0.1.3 (https://github.com/bloom-directory/bloom-service-runtime.git?rev=ad0072512bb97fb4eb68d249ce785ea3ea4a49ab#ad007251)
    Checking primefield v0.14.0
    Checking elliptic-curve v0.14.1
    Checking rfc6979 v0.6.0
   Compiling darling_macro v0.21.3
    Checking wnaf v0.14.1
    Checking coins-bip32 v0.11.1
    Checking hyper v1.11.0
    Checking bloom-service-observability v0.1.3 (https://github.com/bloom-directory/bloom-service-runtime.git?rev=ad0072512bb97fb4eb68d249ce785ea3ea4a49ab#ad007251)
   Compiling darling v0.21.3
    Checking ecdsa v0.17.0
    Checking primeorder v0.14.0
   Compiling serde_with_macros v3.17.0
    Checking aws-smithy-runtime-api v1.9.2
    Checking aws-smithy-json v0.61.7
    Checking aws-smithy-query v0.60.8
    Checking k256 v0.14.0
    Checking p256 v0.14.0
    Checking serde_with v3.17.0
    Checking coins-bip39 v0.11.1
    Checking hyper-util v0.1.20
    Checking bip32 v0.6.0-rc.0
    Checking bloom-signer-derive v0.1.0 (/home/user/code/bloom/worktrees/card-spike-1008/bloom-signer/card-checkout-feasibility/crates/bloom-signer-derive)
    Checking aws-smithy-http v0.62.5
    Checking aws-credential-types v1.2.10
    Checking aws-smithy-protocol-test v0.63.6
    Checking aws-smithy-observability v0.1.4
    Checking aws-sigv4 v1.3.6
    Checking aws-types v1.3.10
    Checking hyper v0.14.32
    Checking secp256k1 v0.30.0
    Checking secp256k1 v0.29.1
    Checking xrpl-rust v1.3.0
    Checking bitcoin v0.32.102
    Checking bloom-signer-backend-api v0.1.0 (/home/user/code/bloom/worktrees/card-spike-1008/bloom-signer/card-checkout-feasibility/crates/bloom-signer-backend-api)
    Checking bloom-signer-backend-local v0.1.0 (/home/user/code/bloom/worktrees/card-spike-1008/bloom-signer/card-checkout-feasibility/crates/bloom-signer-backend-local)
    Checking ows-signer v1.4.2
    Checking rusqlite v0.40.2
   Compiling aws-lc-rs v1.18.1
   Compiling rustls v0.23.45
    Checking rustls-webpki v0.103.15
    Checking ureq v3.4.2
    Checking tokio-rustls v0.26.5
    Checking hyper-rustls v0.27.9
    Checking aws-smithy-http-client v1.1.4
    Checking bloom-relay-admin-client v0.1.0 (https://github.com/bloom-directory/bloom-relay.git?rev=8464a60bad159d1336e3c2df303d4a5f7114eec2#8464a60b)
    Checking bloom-signer v0.1.0 (/home/user/code/bloom/worktrees/card-spike-1008/bloom-signer/card-checkout-feasibility/crates/bloom-signer)
    Checking aws-smithy-runtime v1.9.4
    Checking aws-runtime v1.5.16
    Checking aws-sdk-sts v1.76.0
    Checking aws-sdk-kms v1.77.0
    Checking aws-config v1.8.1
    Checking bloom-signer-backend-aws-kms v0.1.0 (/home/user/code/bloom/worktrees/card-spike-1008/bloom-signer/card-checkout-feasibility/crates/bloom-signer-backend-aws-kms)
    Finished `dev` profile [unoptimized + debuginfo] target(s) in 21.72s
